1.GIT STATUS
$ git status # use to see status of working tree or the staging area
$ git status # 1st time when no file in present under working tree
On branch master
No commits yet
nothing to commit (create/copy files and use "git add" to track)
$ git status # after adding fileA.txt
On branch master
No commits yet
Untracked files:
  (use "git add <file>..." to include in what will be committed)
        fileA.txt
nothing added to commit but untracked files present (use "git add" to track)
2. ADD COMMAND TO move working tree >> STAGING AREA
$ git add fileA.txt # Now moving to the staging area
$ git status
On branch master
No commits yet
Changes to be committed:
  (use "git rm --cached <file>..." to unstage)
        new file:   fileA.txt

$ git add <dir-name> # Now moving to the staging area whole directory
$ git add .          # Now moving to the staging area using . all files under working tree  
3.MODIFIED FILE
$ git status -s
AM fileA.txt # this means file has been modified since moving to staging areas
?? fileB.txt # this file has not been added to the staging area and not tracked
# now if we add fileA to staging again see the status below
$ git add fileA.txt
A  fileA.txt
?? fileB.txt
4. COMMIT TO LOCAL REPO
$ git commit -m "initial commit" # once commited the copy remains to staging & local repo until deleted
#-m is not giving default git editor will open fo multiline comment
5. COMMIT HISTORY
$ git log
$ git log --oneline # condence logs
$ git log --oneline -2 # recent logs
6.when you have a empty local repo ( Local to push remote)
$ git clone https://github.com/soumyadatascience/DataScience.git
add files
$git add fileA.txt
$git add fileB.txt
$git commit -m "inital commit"
$git push -u origin master
7.when you have a empty remote repo ( Local to push remote)
$ git remote add origin  https://github.com/soumyadatascience/DataScience.git
$git push -u origin master